2026-02-28 16:55:19,722 27200 INFO ? odoo: Odoo version 18.0+e-20250622 
2026-02-28 16:55:19,722 27200 INFO ? odoo: Using configuration file at C:\Users\abhisheks\Desktop\Odoo Module Apps\odoo-brand-kit-manager\config\odoo.conf 
2026-02-28 16:55:19,722 27200 INFO ? odoo: addons paths: ['C:\\Users\\abhisheks\\Documents\\Odoo\\server\\odoo\\addons', 'c:\\users\\abhisheks\\desktop\\odoo module apps\\odoo-brand-kit-manager\\odoo-data\\addons\\18.0', 'c:\\users\\abhisheks\\documents\\odoo\\server\\odoo\\addons', 'c:\\users\\abhisheks\\desktop\\odoo module apps\\odoo-brand-kit-manager'] 
2026-02-28 16:55:19,722 27200 INFO ? odoo: database: odoo@localhost:5432 
2026-02-28 16:55:22,168 27200 INFO ? odoo.addons.base.models.ir_actions_report: Will use the Wkhtmltopdf binary at C:\Users\abhisheks\Documents\Odoo\thirdparty\wkhtmltopdf.exe 
2026-02-28 16:55:22,193 27200 INFO ? odoo.addons.base.models.ir_actions_report: You need Wkhtmltoimage to generate images from html. 
2026-02-28 16:55:22,769 27200 INFO brandkit_dev odoo.modules.loading: init db 
2026-02-28 16:55:24,048 27200 INFO brandkit_dev odoo.modules.loading: skipping reset_modules_state, ir_module_module table does not exists 
2026-02-28 16:55:24,049 27200 ERROR brandkit_dev odoo.modules.registry: Failed to load registry 
2026-02-28 16:55:24,049 27200 CRITICAL brandkit_dev odoo.service.server: Failed to initialize database `brandkit_dev`. 
Traceback (most recent call last):
  File "C:\Users\abhisheks\Documents\Odoo\server\odoo\modules\module.py", line 343, in load_manifest
    manifest['version'] = adapt_version(manifest['version'])
  File "C:\Users\abhisheks\Documents\Odoo\server\odoo\modules\module.py", line 463, in adapt_version
    raise ValueError(f"Invalid version {base_version!r}. Modules should have a version in format `x.y`, `x.y.z`,"
ValueError: Invalid version '19.0.1.0.0'. Modules should have a version in format `x.y`, `x.y.z`, `18.0.x.y` or `18.0.x.y.z`.

The above exception was the direct cause of the following exception:

Traceback (most recent call last):
  File "C:\Users\abhisheks\Documents\Odoo\server\odoo\service\server.py", line 1361, in preload_registries
    registry = Registry.new(dbname, update_module=update_module)
  File "<decorator-gen-13>", line 2, in new
  File "C:\Users\abhisheks\Documents\Odoo\server\odoo\tools\func.py", line 97, in locked
    return func(inst, *args, **kwargs)
  File "C:\Users\abhisheks\Documents\Odoo\server\odoo\modules\registry.py", line 129, in new
    odoo.modules.load_modules(registry, force_demo, status, update_module)
  File "C:\Users\abhisheks\Documents\Odoo\server\odoo\modules\loading.py", line 398, in load_modules
    odoo.modules.db.initialize(cr)
  File "C:\Users\abhisheks\Documents\Odoo\server\odoo\modules\db.py", line 44, in initialize
    info = odoo.modules.get_manifest(i)
  File "C:\Users\abhisheks\Documents\Odoo\server\odoo\modules\module.py", line 363, in get_manifest
    return copy.deepcopy(_get_manifest_cached(module, mod_path))
  File "C:\Users\abhisheks\Documents\Odoo\server\odoo\modules\module.py", line 367, in _get_manifest_cached
    return load_manifest(module, mod_path)
  File "C:\Users\abhisheks\Documents\Odoo\server\odoo\modules\module.py", line 346, in load_manifest
    raise ValueError(f"Module {module}: invalid manifest") from e
ValueError: Module brand_kit_manager: invalid manifest
2026-02-28 16:55:24,095 27200 INFO brandkit_dev odoo.service.server: Initiating shutdown 
2026-02-28 16:55:24,095 27200 INFO brandkit_dev odoo.service.server: Hit CTRL-C again or send a second signal to force the shutdown. 
2026-02-28 16:55:24,095 27200 INFO brandkit_dev odoo.sql_db: ConnectionPool(read/write;used=0/count=0/max=64): Closed 1 connections  
2026-02-28 16:55:56,753 5616 INFO ? odoo: Odoo version 18.0+e-20250622 
2026-02-28 16:55:56,755 5616 INFO ? odoo: Using configuration file at C:\Users\abhisheks\Desktop\Odoo Module Apps\odoo-brand-kit-manager\config\odoo.conf 
2026-02-28 16:55:56,755 5616 INFO ? odoo: addons paths: ['C:\\Users\\abhisheks\\Documents\\Odoo\\server\\odoo\\addons', 'c:\\users\\abhisheks\\desktop\\odoo module apps\\odoo-brand-kit-manager\\odoo-data\\addons\\18.0', 'c:\\users\\abhisheks\\documents\\odoo\\server\\odoo\\addons', 'c:\\users\\abhisheks\\desktop\\odoo module apps\\odoo-brand-kit-manager'] 
2026-02-28 16:55:56,755 5616 INFO ? odoo: database: odoo@localhost:5432 
2026-02-28 16:55:57,421 5616 INFO ? odoo.addons.base.models.ir_actions_report: Will use the Wkhtmltopdf binary at C:\Users\abhisheks\Documents\Odoo\thirdparty\wkhtmltopdf.exe 
2026-02-28 16:55:57,469 5616 INFO ? odoo.addons.base.models.ir_actions_report: You need Wkhtmltoimage to generate images from html. 
2026-02-28 16:55:58,004 5616 INFO brandkit_dev odoo.modules.loading: init db 
2026-02-28 16:56:06,556 5616 INFO brandkit_dev odoo.modules.loading: loading 1 modules... 
2026-02-28 16:56:06,556 5616 INFO brandkit_dev odoo.modules.loading: Loading module base (1/1) 
2026-02-28 16:56:06,597 5616 INFO brandkit_dev odoo.modules.registry: module base: creating or updating database tables 
2026-02-28 16:56:07,528 5616 INFO brandkit_dev odoo.models: Prepare computation of ir.module.module.menus_by_module 
2026-02-28 16:56:07,528 5616 INFO brandkit_dev odoo.models: Prepare computation of ir.module.module.reports_by_module 
2026-02-28 16:56:07,528 5616 INFO brandkit_dev odoo.models: Prepare computation of ir.module.module.views_by_module 
2026-02-28 16:56:07,830 5616 INFO brandkit_dev odoo.models: Prepare computation of res.partner.user_id 
2026-02-28 16:56:07,830 5616 INFO brandkit_dev odoo.models: Prepare computation of res.partner.commercial_partner_id 
2026-02-28 16:56:07,830 5616 INFO brandkit_dev odoo.models: Prepare computation of res.partner.complete_name 
2026-02-28 16:56:07,831 5616 INFO brandkit_dev odoo.models: Prepare computation of res.partner.company_registry 
2026-02-28 16:56:07,831 5616 INFO brandkit_dev odoo.models: Prepare computation of res.partner.commercial_company_name 
2026-02-28 16:56:07,831 5616 INFO brandkit_dev odoo.models: Prepare computation of res.partner.partner_share 
2026-02-28 16:56:07,916 5616 INFO brandkit_dev odoo.models: Prepare computation of res.currency.decimal_places 
2026-02-28 16:56:07,978 5616 INFO brandkit_dev odoo.models: Prepare computation of res.company.uses_default_logo 
2026-02-28 16:56:07,978 5616 INFO brandkit_dev odoo.models: Prepare computation of res.company.logo_web 
2026-02-28 16:56:07,982 5616 INFO brandkit_dev odoo.models: Computing parent_path for table res_company... 
2026-02-28 16:56:08,054 5616 INFO brandkit_dev odoo.models: Prepare computation of res.users.signature 
2026-02-28 16:56:08,054 5616 INFO brandkit_dev odoo.models: Prepare computation of res.users.share 
2026-02-28 16:56:12,408 5616 INFO brandkit_dev odoo.modules.loading: loading base/data/res_bank.xml 
2026-02-28 16:56:12,431 5616 INFO brandkit_dev odoo.modules.loading: loading base/data/res.lang.csv 
2026-02-28 16:56:12,502 5616 INFO brandkit_dev odoo.modules.loading: loading base/data/res_lang_data.xml 
2026-02-28 16:56:12,609 5616 INFO brandkit_dev odoo.modules.loading: loading base/data/res_partner_data.xml 
2026-02-28 16:56:12,724 5616 INFO brandkit_dev odoo.modules.loading: loading base/data/res_currency_data.xml 
2026-02-28 16:56:13,841 5616 INFO brandkit_dev odoo.modules.loading: loading base/data/res_company_data.xml 
2026-02-28 16:56:13,865 5616 INFO brandkit_dev odoo.modules.loading: loading base/data/res_users_data.xml 
2026-02-28 16:56:15,184 5616 INFO brandkit_dev odoo.modules.loading: loading base/data/report_paperformat_data.xml 
2026-02-28 16:56:15,204 5616 INFO brandkit_dev odoo.modules.loading: loading base/data/res_country_data.xml 
2026-02-28 16:56:16,027 5616 INFO brandkit_dev odoo.modules.loading: loading base/data/ir_demo_data.xml 
2026-02-28 16:56:16,057 5616 INFO brandkit_dev odoo.modules.loading: loading base/security/base_groups.xml 
2026-02-28 16:56:16,399 5616 INFO brandkit_dev odoo.modules.loading: loading base/security/base_security.xml 
2026-02-28 16:56:16,639 5616 INFO brandkit_dev odoo.modules.loading: loading base/views/base_menus.xml 
2026-02-28 16:56:16,768 5616 INFO brandkit_dev odoo.modules.loading: loading base/views/decimal_precision_views.xml 
2026-02-28 16:56:16,812 5616 INFO brandkit_dev odoo.modules.loading: loading base/views/res_config_views.xml 
2026-02-28 16:56:16,835 5616 INFO brandkit_dev odoo.modules.loading: loading base/data/res.country.state.csv 
2026-02-28 16:56:17,547 5616 INFO brandkit_dev odoo.modules.loading: loading base/views/ir_actions_views.xml 
2026-02-28 16:56:17,845 5616 INFO brandkit_dev odoo.modules.loading: loading base/views/ir_asset_views.xml 
2026-02-28 16:56:17,891 5616 INFO brandkit_dev odoo.modules.loading: loading base/views/ir_config_parameter_views.xml 
2026-02-28 16:56:17,935 5616 INFO brandkit_dev odoo.modules.loading: loading base/views/ir_cron_views.xml 
2026-02-28 16:56:18,002 5616 INFO brandkit_dev odoo.modules.loading: loading base/views/ir_cron_trigger_views.xml 
2026-02-28 16:56:18,040 5616 INFO brandkit_dev odoo.modules.loading: loading base/views/ir_filters_views.xml 
2026-02-28 16:56:18,079 5616 INFO brandkit_dev odoo.modules.loading: loading base/views/ir_mail_server_views.xml 
2026-02-28 16:56:18,125 5616 INFO brandkit_dev odoo.modules.loading: loading base/views/ir_model_views.xml 
2026-02-28 16:56:18,388 5616 INFO brandkit_dev odoo.modules.loading: loading base/views/ir_attachment_views.xml 
2026-02-28 16:56:18,434 5616 INFO brandkit_dev odoo.modules.loading: loading base/views/ir_rule_views.xml 
2026-02-28 16:56:18,482 5616 INFO brandkit_dev odoo.modules.loading: loading base/views/ir_sequence_views.xml 
2026-02-28 16:56:18,534 5616 INFO brandkit_dev odoo.modules.loading: loading base/views/ir_ui_menu_views.xml 
2026-02-28 16:56:18,579 5616 INFO brandkit_dev odoo.modules.loading: loading base/views/ir_ui_view_views.xml 
2026-02-28 16:56:18,676 5616 INFO brandkit_dev odoo.modules.loading: loading base/views/ir_default_views.xml 
2026-02-28 16:56:18,722 5616 INFO brandkit_dev odoo.modules.loading: loading base/data/ir_config_parameter_data.xml 
2026-02-28 16:56:18,730 5616 INFO brandkit_dev odoo.modules.loading: loading base/data/ir_cron_data.xml 
2026-02-28 16:56:18,764 5616 INFO brandkit_dev odoo.modules.loading: loading base/report/ir_model_report.xml 
2026-02-28 16:56:18,776 5616 INFO brandkit_dev odoo.modules.loading: loading base/report/ir_model_templates.xml 
2026-02-28 16:56:18,802 5616 INFO brandkit_dev odoo.modules.loading: loading base/views/ir_logging_views.xml 
2026-02-28 16:56:18,843 5616 INFO brandkit_dev odoo.modules.loading: loading base/views/ir_qweb_widget_templates.xml 
2026-02-28 16:56:18,867 5616 INFO brandkit_dev odoo.modules.loading: loading base/views/ir_module_views.xml 
2026-02-28 16:56:18,969 5616 INFO brandkit_dev odoo.modules.loading: loading base/data/ir_module_category_data.xml 
2026-02-28 16:56:19,105 5616 INFO brandkit_dev odoo.modules.loading: loading base/data/ir_module_module.xml 
2026-02-28 16:56:19,170 5616 INFO brandkit_dev odoo.modules.loading: loading base/report/ir_module_reports.xml 
2026-02-28 16:56:19,183 5616 INFO brandkit_dev odoo.modules.loading: loading base/report/ir_module_report_templates.xml 
2026-02-28 16:56:19,203 5616 INFO brandkit_dev odoo.modules.loading: loading base/wizard/base_module_update_views.xml 
2026-02-28 16:56:19,242 5616 INFO brandkit_dev odoo.modules.loading: loading base/wizard/base_language_install_views.xml 
2026-02-28 16:56:19,274 5616 INFO brandkit_dev odoo.modules.loading: loading base/wizard/base_import_language_views.xml 
2026-02-28 16:56:19,306 5616 INFO brandkit_dev odoo.modules.loading: loading base/wizard/base_module_upgrade_views.xml 
2026-02-28 16:56:19,350 5616 INFO brandkit_dev odoo.modules.loading: loading base/wizard/base_module_uninstall_views.xml 
2026-02-28 16:56:19,376 5616 INFO brandkit_dev odoo.modules.loading: loading base/wizard/base_export_language_views.xml 
2026-02-28 16:56:19,405 5616 INFO brandkit_dev odoo.modules.loading: loading base/wizard/base_partner_merge_views.xml 
2026-02-28 16:56:19,442 5616 INFO brandkit_dev odoo.modules.loading: loading base/data/ir_demo_failure_data.xml 
2026-02-28 16:56:19,473 5616 INFO brandkit_dev odoo.modules.loading: loading base/views/ir_profile_views.xml 
2026-02-28 16:56:19,520 5616 INFO brandkit_dev odoo.modules.loading: loading base/views/res_company_views.xml 
2026-02-28 16:56:19,566 5616 INFO brandkit_dev odoo.modules.loading: loading base/views/res_lang_views.xml 
2026-02-28 16:56:19,618 5616 INFO brandkit_dev odoo.modules.loading: loading base/views/res_partner_views.xml 
2026-02-28 16:56:19,829 5616 INFO brandkit_dev odoo.modules.loading: loading base/views/res_bank_views.xml 
2026-02-28 16:56:19,908 5616 INFO brandkit_dev odoo.modules.loading: loading base/views/res_country_views.xml 
2026-02-28 16:56:20,000 5616 INFO brandkit_dev odoo.modules.loading: loading base/views/res_currency_views.xml 
2026-02-28 16:56:20,083 5616 INFO brandkit_dev odoo.modules.loading: loading base/views/res_users_views.xml 
2026-02-28 16:56:20,320 5616 INFO brandkit_dev odoo.modules.loading: loading base/views/res_device_views.xml 
2026-02-28 16:56:20,360 5616 INFO brandkit_dev odoo.modules.loading: loading base/views/res_users_identitycheck_views.xml 
2026-02-28 16:56:20,389 5616 INFO brandkit_dev odoo.modules.loading: loading base/views/res_config_settings_views.xml 
2026-02-28 16:56:20,440 5616 INFO brandkit_dev odoo.modules.loading: loading base/views/report_paperformat_views.xml 
2026-02-28 16:56:20,493 5616 INFO brandkit_dev odoo.modules.loading: loading base/security/ir.model.access.csv 
2026-02-28 16:56:20,705 5616 INFO brandkit_dev odoo.modules.loading: Module base: loading demo 
2026-02-28 16:56:20,706 5616 INFO brandkit_dev odoo.modules.loading: loading base/data/res_users_demo.xml 
2026-02-28 16:56:23,828 5616 INFO brandkit_dev odoo.modules.loading: loading base/data/res_partner_bank_demo.xml 
2026-02-28 16:56:23,847 5616 INFO brandkit_dev odoo.modules.loading: loading base/data/res_currency_demo.xml 
2026-02-28 16:56:23,863 5616 INFO brandkit_dev odoo.modules.loading: loading base/data/res_currency_rate_demo.xml 
2026-02-28 16:56:24,319 5616 INFO brandkit_dev odoo.modules.loading: loading base/data/res_bank_demo.xml 
2026-02-28 16:56:24,332 5616 INFO brandkit_dev odoo.modules.loading: loading base/data/res_partner_demo.xml 
2026-02-28 16:56:24,770 5616 INFO brandkit_dev odoo.modules.loading: loading base/data/res_partner_image_demo.xml 
2026-02-28 16:56:26,275 5616 INFO brandkit_dev odoo.modules.loading: Module base loaded in 19.72s, 9212 queries (+9212 other) 
2026-02-28 16:56:26,275 5616 INFO brandkit_dev odoo.modules.loading: 1 modules loaded in 19.72s, 9212 queries (+9212 extra) 
2026-02-28 16:56:26,306 5616 INFO brandkit_dev odoo.modules.loading: updating modules list 
2026-02-28 16:56:26,308 5616 INFO brandkit_dev odoo.addons.base.models.ir_module: ALLOW access to module.update_list on [] to user __system__ #1 via n/a 
2026-02-28 16:56:29,489 5616 INFO brandkit_dev odoo.addons.base.models.ir_module: ALLOW access to module.button_install on ['Brand Kit Manager'] to user __system__ #1 via n/a 
2026-02-28 16:56:29,639 5616 INFO brandkit_dev odoo.modules.loading: loading 34 modules... 
2026-02-28 16:56:29,639 5616 INFO brandkit_dev odoo.modules.loading: Loading module web (2/34) 
2026-02-28 16:56:29,669 5616 INFO brandkit_dev odoo.modules.registry: module web: creating or updating database tables 
2026-02-28 16:56:30,838 5616 INFO brandkit_dev odoo.modules.loading: loading web/security/ir.model.access.csv 
2026-02-28 16:56:30,856 5616 INFO brandkit_dev odoo.modules.loading: loading web/views/webclient_templates.xml 
2026-02-28 16:56:30,988 5616 INFO brandkit_dev odoo.modules.loading: loading web/views/report_templates.xml 
2026-02-28 16:56:31,168 5616 INFO brandkit_dev odoo.modules.loading: loading web/views/base_document_layout_views.xml 
2026-02-28 16:56:31,201 5616 INFO brandkit_dev odoo.modules.loading: loading web/views/partner_view.xml 
2026-02-28 16:56:31,219 5616 INFO brandkit_dev odoo.modules.loading: loading web/views/speedscope_template.xml 
2026-02-28 16:56:31,236 5616 INFO brandkit_dev odoo.modules.loading: loading web/views/neutralize_views.xml 
2026-02-28 16:56:31,251 5616 INFO brandkit_dev odoo.modules.loading: loading web/data/ir_attachment.xml 
2026-02-28 16:56:31,266 5616 INFO brandkit_dev odoo.modules.loading: loading web/data/report_layout.xml 
2026-02-28 16:56:31,358 5616 INFO brandkit_dev odoo.modules.loading: Module web loaded in 1.72s, 1097 queries (+1097 other) 
2026-02-28 16:56:31,358 5616 INFO brandkit_dev odoo.modules.loading: Loading module auth_totp (3/34) 
2026-02-28 16:56:31,423 5616 INFO brandkit_dev odoo.modules.registry: module auth_totp: creating or updating database tables 
2026-02-28 16:56:31,532 5616 INFO brandkit_dev odoo.modules.loading: loading auth_totp/security/security.xml 
2026-02-28 16:56:31,591 5616 INFO brandkit_dev odoo.modules.loading: loading auth_totp/security/ir.model.access.csv 
2026-02-28 16:56:31,612 5616 INFO brandkit_dev odoo.modules.loading: loading auth_totp/data/ir_action_data.xml 
2026-02-28 16:56:31,633 5616 INFO brandkit_dev odoo.modules.loading: loading auth_totp/views/res_users_views.xml 
2026-02-28 16:56:31,701 5616 INFO brandkit_dev odoo.modules.loading: loading auth_totp/views/templates.xml 
2026-02-28 16:56:31,716 5616 INFO brandkit_dev odoo.modules.loading: loading auth_totp/wizard/auth_totp_wizard_views.xml 
2026-02-28 16:56:31,766 5616 INFO brandkit_dev odoo.modules.loading: Module auth_totp loaded in 0.41s, 188 queries (+188 other) 
2026-02-28 16:56:31,766 5616 INFO brandkit_dev odoo.modules.loading: Loading module base_import (4/34) 
2026-02-28 16:56:32,934 5616 INFO brandkit_dev odoo.modules.registry: module base_import: creating or updating database tables 
2026-02-28 16:56:34,553 5616 INFO brandkit_dev odoo.modules.loading: loading base_import/security/ir.model.access.csv 
2026-02-28 16:56:34,596 5616 INFO brandkit_dev odoo.modules.loading: Module base_import loaded in 2.83s, 874 queries (+874 other) 
2026-02-28 16:56:34,596 5616 INFO brandkit_dev odoo.modules.loading: Loading module base_import_module (5/34) 
2026-02-28 16:56:34,656 5616 INFO brandkit_dev odoo.modules.registry: module base_import_module: creating or updating database tables 
2026-02-28 16:56:34,817 5616 INFO brandkit_dev odoo.modules.loading: loading base_import_module/security/ir.model.access.csv 
2026-02-28 16:56:34,834 5616 INFO brandkit_dev odoo.modules.loading: loading base_import_module/views/base_import_module_view.xml 
2026-02-28 16:56:34,877 5616 INFO brandkit_dev odoo.modules.loading: loading base_import_module/views/ir_module_views.xml 
2026-02-28 16:56:34,969 5616 INFO brandkit_dev odoo.modules.loading: Module base_import_module loaded in 0.37s, 164 queries (+164 other) 
2026-02-28 16:56:34,969 5616 INFO brandkit_dev odoo.modules.loading: Loading module base_setup (6/34) 
2026-02-28 16:56:35,028 5616 INFO brandkit_dev odoo.modules.registry: module base_setup: creating or updating database tables 
2026-02-28 16:56:35,120 5616 INFO brandkit_dev odoo.modules.loading: loading base_setup/data/base_setup_data.xml 
2026-02-28 16:56:35,147 5616 INFO brandkit_dev odoo.modules.loading: loading base_setup/views/res_config_settings_views.xml 
2026-02-28 16:56:35,222 5616 INFO brandkit_dev odoo.modules.loading: loading base_setup/views/res_partner_views.xml 
2026-02-28 16:56:35,264 5616 INFO brandkit_dev odoo.modules.loading: Module base_setup loaded in 0.30s, 150 queries (+150 other) 
2026-02-28 16:56:35,264 5616 INFO brandkit_dev odoo.modules.loading: Loading module bus (7/34) 
2026-02-28 16:56:35,350 5616 INFO brandkit_dev odoo.modules.registry: module bus: creating or updating database tables 
2026-02-28 16:56:35,574 5616 INFO brandkit_dev odoo.modules.loading: loading bus/security/ir.model.access.csv 
2026-02-28 16:56:35,609 5616 INFO brandkit_dev odoo.modules.loading: Module bus loaded in 0.34s, 165 queries (+165 other) 
2026-02-28 16:56:35,609 5616 INFO brandkit_dev odoo.modules.loading: Loading module web_cohort (8/34) 
2026-02-28 16:56:35,676 5616 INFO brandkit_dev odoo.modules.registry: module web_cohort: creating or updating database tables 
2026-02-28 16:56:37,205 5616 INFO brandkit_dev odoo.modules.loading: Module web_cohort loaded in 1.60s, 863 queries (+863 other) 
2026-02-28 16:56:37,205 5616 INFO brandkit_dev odoo.modules.loading: Loading module web_gantt (9/34) 
2026-02-28 16:56:37,265 5616 INFO brandkit_dev odoo.modules.registry: module web_gantt: creating or updating database tables 
2026-02-28 16:56:38,600 5616 INFO brandkit_dev odoo.modules.loading: Module web_gantt loaded in 1.40s, 857 queries (+857 other) 
2026-02-28 16:56:38,600 5616 INFO brandkit_dev odoo.modules.loading: Loading module web_grid (10/34) 
2026-02-28 16:56:38,653 5616 INFO brandkit_dev odoo.modules.registry: module web_grid: creating or updating database tables 
2026-02-28 16:56:39,675 5616 INFO brandkit_dev odoo.modules.loading: Module web_grid loaded in 1.08s, 857 queries (+857 other) 
2026-02-28 16:56:39,675 5616 INFO brandkit_dev odoo.modules.loading: Loading module web_tour (11/34) 
2026-02-28 16:56:39,711 5616 INFO brandkit_dev odoo.modules.registry: module web_tour: creating or updating database tables 
2026-02-28 16:56:39,717 5616 INFO brandkit_dev odoo.models: Prepare computation of res.users.tour_enabled 
2026-02-28 16:56:39,829 5616 INFO brandkit_dev odoo.modules.loading: loading web_tour/security/ir.model.access.csv 
2026-02-28 16:56:39,844 5616 INFO brandkit_dev odoo.modules.loading: loading web_tour/views/tour_views.xml 
2026-02-28 16:56:39,887 5616 INFO brandkit_dev odoo.modules.loading: loading web_tour/views/res_users_views.xml 
2026-02-28 16:56:39,926 5616 INFO brandkit_dev odoo.modules.loading: Module web_tour loaded in 0.25s, 188 queries (+188 other) 
2026-02-28 16:56:39,926 5616 INFO brandkit_dev odoo.modules.loading: Loading module html_editor (12/34) 
2026-02-28 16:56:40,286 5616 INFO brandkit_dev odoo.modules.registry: module html_editor: creating or updating database tables 
2026-02-28 16:56:40,343 5616 INFO brandkit_dev odoo.modules.loading: Module html_editor loaded in 0.42s, 42 queries (+42 other) 
2026-02-28 16:56:40,343 5616 INFO brandkit_dev odoo.modules.loading: Loading module iap (13/34) 
2026-02-28 16:56:40,371 5616 INFO brandkit_dev odoo.modules.registry: module iap: creating or updating database tables 
2026-02-28 16:56:40,485 5616 INFO brandkit_dev odoo.modules.loading: loading iap/data/services.xml 
2026-02-28 16:56:40,502 5616 INFO brandkit_dev odoo.modules.loading: loading iap/security/ir.model.access.csv 
2026-02-28 16:56:40,518 5616 INFO brandkit_dev odoo.modules.loading: loading iap/security/ir_rule.xml 
2026-02-28 16:56:40,537 5616 INFO brandkit_dev odoo.modules.loading: loading iap/views/iap_views.xml 
2026-02-28 16:56:40,582 5616 INFO brandkit_dev odoo.modules.loading: loading iap/views/res_config_settings.xml 
2026-02-28 16:56:40,629 5616 INFO brandkit_dev odoo.modules.loading: Module iap loaded in 0.29s, 183 queries (+183 other) 
2026-02-28 16:56:40,629 5616 INFO brandkit_dev odoo.modules.loading: Loading module web_enterprise (14/34) 
2026-02-28 16:56:40,663 5616 INFO brandkit_dev odoo.modules.registry: module web_enterprise: creating or updating database tables 
2026-02-28 16:56:40,711 5616 INFO brandkit_dev odoo.modules.loading: loading web_enterprise/views/webclient_templates.xml 
2026-02-28 16:56:40,752 5616 INFO brandkit_dev odoo.modules.loading: Module web_enterprise loaded in 0.12s, 60 queries (+60 other) 
2026-02-28 16:56:40,752 5616 INFO brandkit_dev odoo.modules.loading: Loading module web_map (15/34) 
2026-02-28 16:56:40,802 5616 INFO brandkit_dev odoo.modules.registry: module web_map: creating or updating database tables 
2026-02-28 16:56:40,818 5616 INFO brandkit_dev odoo.models: Prepare computation of res.partner.contact_address_complete 
2026-02-28 16:56:42,196 5616 INFO brandkit_dev odoo.modules.loading: loading web_map/views/res_config_settings.xml 
2026-02-28 16:56:42,227 5616 INFO brandkit_dev odoo.modules.loading: loading web_map/views/res_partner_views.xml 
2026-02-28 16:56:42,270 5616 INFO brandkit_dev odoo.modules.loading: Module web_map loaded in 1.52s, 947 queries (+947 other) 
2026-02-28 16:56:42,272 5616 INFO brandkit_dev odoo.modules.loading: Loading module mail (16/34) 
2026-02-28 16:56:42,337 5616 INFO brandkit_dev odoo.modules.registry: module mail: creating or updating database tables 
2026-02-28 16:56:42,799 5616 INFO brandkit_dev odoo.models: Prepare computation of ir.actions.server.partner_ids 
2026-02-28 16:56:42,799 5616 INFO brandkit_dev odoo.models: Prepare computation of ir.actions.server.template_id 
2026-02-28 16:56:42,802 5616 INFO brandkit_dev odoo.models: Prepare computation of ir.actions.server.activity_type_id 
2026-02-28 16:56:42,802 5616 INFO brandkit_dev odoo.models: Prepare computation of ir.actions.server.activity_date_deadline_range 
2026-02-28 16:56:42,802 5616 INFO brandkit_dev odoo.models: Prepare computation of ir.actions.server.activity_user_id 
2026-02-28 16:56:42,802 5616 INFO brandkit_dev odoo.models: Prepare computation of ir.actions.server.mail_post_method 
2026-02-28 16:56:42,802 5616 INFO brandkit_dev odoo.models: Prepare computation of ir.actions.server.activity_summary 
2026-02-28 16:56:42,803 5616 INFO brandkit_dev odoo.models: Prepare computation of ir.actions.server.activity_date_deadline_range_type 
2026-02-28 16:56:42,803 5616 INFO brandkit_dev odoo.models: Prepare computation of ir.actions.server.activity_user_type 
2026-02-28 16:56:42,803 5616 INFO brandkit_dev odoo.models: Prepare computation of ir.actions.server.activity_user_field_name 
2026-02-28 16:56:42,803 5616 INFO brandkit_dev odoo.models: Prepare computation of ir.actions.server.activity_note 
2026-02-28 16:56:42,803 5616 INFO brandkit_dev odoo.models: Prepare computation of ir.actions.server.mail_post_autofollow 
2026-02-28 16:56:42,877 5616 INFO brandkit_dev odoo.models: Prepare computation of res.company.email_primary_color 
2026-02-28 16:56:42,877 5616 INFO brandkit_dev odoo.models: Prepare computation of res.company.email_secondary_color 
2026-02-28 16:56:42,900 5616 INFO brandkit_dev odoo.models: Prepare computation of res.users.notification_type 
2026-02-28 16:56:43,015 5616 INFO brandkit_dev odoo.models: Prepare computation of res.partner.email_normalized 
2026-02-28 16:56:46,051 5616 INFO brandkit_dev odoo.modules.loading: loading mail/data/mail_groups.xml 
2026-02-28 16:56:46,172 5616 INFO brandkit_dev odoo.modules.loading: loading mail/wizard/mail_activity_schedule_views.xml 
2026-02-28 16:56:46,194 5616 INFO brandkit_dev odoo.modules.loading: loading mail/wizard/mail_blacklist_remove_views.xml 
2026-02-28 16:56:46,208 5616 INFO brandkit_dev odoo.modules.loading: loading mail/wizard/mail_compose_message_views.xml 
2026-02-28 16:56:46,237 5616 INFO brandkit_dev odoo.modules.loading: loading mail/wizard/mail_resend_message_views.xml 
2026-02-28 16:56:46,262 5616 INFO brandkit_dev odoo.modules.loading: loading mail/wizard/mail_resend_partner_views.xml 
2026-02-28 16:56:46,283 5616 INFO brandkit_dev odoo.modules.loading: loading mail/wizard/mail_template_preview_views.xml 
2026-02-28 16:56:46,302 5616 INFO brandkit_dev odoo.modules.loading: loading mail/wizard/mail_wizard_invite_views.xml 
2026-02-28 16:56:46,313 5616 INFO brandkit_dev odoo.modules.loading: loading mail/wizard/mail_template_reset_views.xml 
2026-02-28 16:56:46,339 5616 INFO brandkit_dev odoo.modules.loading: loading mail/views/fetchmail_views.xml 
2026-02-28 16:56:46,372 5616 INFO brandkit_dev odoo.modules.loading: loading mail/views/mail_message_subtype_views.xml 
2026-02-28 16:56:46,404 5616 INFO brandkit_dev odoo.modules.loading: loading mail/views/mail_tracking_value_views.xml 
2026-02-28 16:56:46,433 5616 INFO brandkit_dev odoo.modules.loading: loading mail/views/mail_notification_views.xml 
2026-02-28 16:56:46,453 5616 INFO brandkit_dev odoo.modules.loading: loading mail/views/mail_message_views.xml 
2026-02-28 16:56:46,509 5616 INFO brandkit_dev odoo.modules.loading: loading mail/views/mail_message_schedule_views.xml 
2026-02-28 16:56:46,544 5616 INFO brandkit_dev odoo.modules.loading: loading mail/views/mail_mail_views.xml 
2026-02-28 16:56:46,599 5616 INFO brandkit_dev odoo.modules.loading: loading mail/views/mail_followers_views.xml 
2026-02-28 16:56:46,626 5616 INFO brandkit_dev odoo.modules.loading: loading mail/views/mail_ice_server_views.xml 
2026-02-28 16:56:46,658 5616 INFO brandkit_dev odoo.modules.loading: loading mail/views/discuss_channel_member_views.xml 
2026-02-28 16:56:46,684 5616 INFO brandkit_dev odoo.modules.loading: loading mail/views/discuss_channel_rtc_session_views.xml 
2026-02-28 16:56:46,720 5616 INFO brandkit_dev odoo.modules.loading: loading mail/views/mail_link_preview_views.xml 
2026-02-28 16:56:46,747 5616 INFO brandkit_dev odoo.modules.loading: loading mail/views/discuss/discuss_gif_favorite_views.xml 
2026-02-28 16:56:46,771 5616 INFO brandkit_dev odoo.modules.loading: loading mail/views/discuss_channel_views.xml 
2026-02-28 16:56:46,847 5616 INFO brandkit_dev odoo.modules.loading: loading mail/views/mail_canned_response_views.xml 
2026-02-28 16:56:46,878 5616 INFO brandkit_dev odoo.modules.loading: loading mail/views/mail_activity_views.xml 
2026-02-28 16:56:47,357 5616 INFO brandkit_dev odoo.modules.loading: loading mail/views/mail_activity_plan_views.xml 
2026-02-28 16:56:47,418 5616 INFO brandkit_dev odoo.modules.loading: loading mail/views/mail_activity_plan_template_views.xml 
2026-02-28 16:56:47,441 5616 INFO brandkit_dev odoo.modules.loading: loading mail/views/res_config_settings_views.xml 
2026-02-28 16:56:47,490 5616 INFO brandkit_dev odoo.modules.loading: loading mail/data/ir_config_parameter_data.xml 
2026-02-28 16:56:47,506 5616 INFO brandkit_dev odoo.modules.loading: loading mail/data/res_partner_data.xml 
2026-02-28 16:56:47,633 5616 INFO brandkit_dev odoo.modules.loading: loading mail/data/mail_message_subtype_data.xml 
2026-02-28 16:56:47,655 5616 INFO brandkit_dev odoo.modules.loading: loading mail/data/mail_templates_chatter.xml 
2026-02-28 16:56:47,686 5616 INFO brandkit_dev odoo.modules.loading: loading mail/data/mail_templates_email_layouts.xml 
2026-02-28 16:56:47,725 5616 INFO brandkit_dev odoo.modules.loading: loading mail/data/mail_templates_mailgateway.xml 
2026-02-28 16:56:47,754 5616 INFO brandkit_dev odoo.modules.loading: loading mail/data/discuss_channel_data.xml 
2026-02-28 16:56:47,826 5616 INFO brandkit_dev odoo.modules.loading: loading mail/data/mail_activity_data.xml 
2026-02-28 16:56:47,850 5616 INFO brandkit_dev odoo.modules.loading: loading mail/data/security_notifications_templates.xml 
2026-02-28 16:56:47,864 5616 INFO brandkit_dev odoo.modules.loading: loading mail/data/ir_cron_data.xml 
2026-02-28 16:56:47,932 5616 INFO brandkit_dev odoo.modules.loading: loading mail/data/ir_actions_client.xml 
2026-02-28 16:56:47,946 5616 INFO brandkit_dev odoo.modules.loading: loading mail/security/mail_security.xml 
2026-02-28 16:56:48,186 5616 INFO brandkit_dev odoo.modules.loading: loading mail/security/ir.model.access.csv 
2026-02-28 16:56:48,274 5616 INFO brandkit_dev odoo.modules.loading: loading mail/views/discuss_public_templates.xml 
2026-02-28 16:56:48,286 5616 INFO brandkit_dev odoo.modules.loading: loading mail/views/mail_alias_domain_views.xml 
2026-02-28 16:56:48,319 5616 INFO brandkit_dev odoo.modules.loading: loading mail/views/mail_alias_views.xml 
2026-02-28 16:56:48,354 5616 INFO brandkit_dev odoo.modules.loading: loading mail/views/mail_gateway_allowed_views.xml 
2026-02-28 16:56:48,377 5616 INFO brandkit_dev odoo.modules.loading: loading mail/views/mail_guest_views.xml 
2026-02-28 16:56:48,402 5616 INFO brandkit_dev odoo.modules.loading: loading mail/views/mail_message_reaction_views.xml 
2026-02-28 16:56:48,426 5616 INFO brandkit_dev odoo.modules.loading: loading mail/views/mail_templates_public.xml 
2026-02-28 16:56:48,447 5616 INFO brandkit_dev odoo.modules.loading: loading mail/views/res_users_views.xml 
2026-02-28 16:56:48,488 5616 INFO brandkit_dev odoo.modules.loading: loading mail/views/res_users_settings_views.xml 
2026-02-28 16:56:48,515 5616 INFO brandkit_dev odoo.modules.loading: loading mail/views/mail_template_views.xml 
2026-02-28 16:56:48,557 5616 INFO brandkit_dev odoo.modules.loading: loading mail/views/ir_actions_server_views.xml 
2026-02-28 16:56:48,583 5616 INFO brandkit_dev odoo.modules.loading: loading mail/views/ir_model_views.xml 
2026-02-28 16:56:48,634 5616 INFO brandkit_dev odoo.modules.loading: loading mail/views/res_partner_views.xml 
2026-02-28 16:56:48,726 5616 INFO brandkit_dev odoo.modules.loading: loading mail/views/mail_blacklist_views.xml 
2026-02-28 16:56:48,763 5616 INFO brandkit_dev odoo.modules.loading: loading mail/views/mail_menus.xml 
2026-02-28 16:56:49,000 5616 INFO brandkit_dev odoo.modules.loading: loading mail/views/res_company_views.xml 
2026-02-28 16:56:49,021 5616 INFO brandkit_dev odoo.modules.loading: loading mail/views/mail_scheduled_message_views.xml 
2026-02-28 16:56:49,049 5616 INFO brandkit_dev odoo.modules.loading: loading mail/data/mail_canned_response_data.xml 
2026-02-28 16:56:49,068 5616 INFO brandkit_dev odoo.modules.loading: loading mail/data/mail_templates_invite.xml 
2026-02-28 16:56:49,091 5616 INFO brandkit_dev odoo.modules.loading: loading mail/data/web_tour_tour.xml 
2026-02-28 16:56:49,106 5616 INFO brandkit_dev odoo.modules.loading: Module mail: loading demo 
2026-02-28 16:56:49,107 5616 INFO brandkit_dev odoo.modules.loading: loading mail/demo/discuss_channel_demo.xml 
2026-02-28 16:56:49,311 5616 INFO brandkit_dev odoo.modules.loading: loading mail/demo/mail_canned_response_demo.xml 
2026-02-28 16:56:49,466 5616 INFO brandkit_dev odoo.modules.loading: Module mail loaded in 7.19s, 4615 queries (+4616 other) 
2026-02-28 16:56:49,467 5616 INFO brandkit_dev odoo.modules.loading: Loading module web_editor (17/34) 
2026-02-28 16:56:49,588 5616 INFO brandkit_dev odoo.modules.registry: module web_editor: creating or updating database tables 
2026-02-28 16:56:51,836 5616 INFO brandkit_dev odoo.modules.loading: loading web_editor/security/ir.model.access.csv 
2026-02-28 16:56:51,858 5616 INFO brandkit_dev odoo.modules.loading: loading web_editor/data/editor_assets.xml 
2026-02-28 16:56:51,869 5616 INFO brandkit_dev odoo.modules.loading: loading web_editor/views/editor.xml 
2026-02-28 16:56:51,901 5616 INFO brandkit_dev odoo.modules.loading: loading web_editor/views/snippets.xml 
2026-02-28 16:56:51,991 5616 INFO brandkit_dev odoo.modules.loading: Module web_editor loaded in 2.52s, 1375 queries (+1375 other) 
2026-02-28 16:56:51,991 5616 INFO brandkit_dev odoo.modules.loading: Loading module web_mobile (18/34) 
2026-02-28 16:56:52,029 5616 INFO brandkit_dev odoo.modules.registry: module web_mobile: creating or updating database tables 
2026-02-28 16:56:52,139 5616 INFO brandkit_dev odoo.modules.loading: loading web_mobile/views/views.xml 
2026-02-28 16:56:52,189 5616 INFO brandkit_dev odoo.modules.loading: Module web_mobile loaded in 0.20s, 99 queries (+99 other) 
2026-02-28 16:56:52,189 5616 INFO brandkit_dev odoo.modules.loading: Loading module auth_signup (19/34) 
2026-02-28 16:56:52,253 5616 INFO brandkit_dev odoo.modules.registry: module auth_signup: creating or updating database tables 
2026-02-28 16:56:52,385 5616 INFO brandkit_dev odoo.modules.loading: loading auth_signup/data/ir_config_parameter_data.xml 
2026-02-28 16:56:52,400 5616 INFO brandkit_dev odoo.modules.loading: loading auth_signup/data/ir_cron_data.xml 
2026-02-28 16:56:52,421 5616 INFO brandkit_dev odoo.modules.loading: loading auth_signup/data/mail_template_data.xml 
2026-02-28 16:56:52,468 5616 INFO brandkit_dev odoo.modules.loading: loading auth_signup/views/res_config_settings_views.xml 
2026-02-28 16:56:52,505 5616 INFO brandkit_dev odoo.modules.loading: loading auth_signup/views/res_users_views.xml 
2026-02-28 16:56:52,547 5616 INFO brandkit_dev odoo.modules.loading: loading auth_signup/views/auth_signup_login_templates.xml 
2026-02-28 16:56:52,583 5616 INFO brandkit_dev odoo.modules.loading: loading auth_signup/views/auth_signup_templates_email.xml 
2026-02-28 16:56:52,609 5616 INFO brandkit_dev odoo.modules.loading: loading auth_signup/views/webclient_templates.xml 
2026-02-28 16:56:52,651 5616 INFO brandkit_dev odoo.modules.loading: Module auth_signup loaded in 0.46s, 207 queries (+207 other) 
2026-02-28 16:56:52,651 5616 INFO brandkit_dev odoo.modules.loading: Loading module auth_totp_mail (20/34) 
2026-02-28 16:56:52,694 5616 INFO brandkit_dev odoo.modules.registry: module auth_totp_mail: creating or updating database tables 
2026-02-28 16:56:52,759 5616 INFO brandkit_dev odoo.modules.loading: loading auth_totp_mail/data/ir_action_data.xml 
2026-02-28 16:56:52,785 5616 INFO brandkit_dev odoo.modules.loading: loading auth_totp_mail/data/mail_template_data.xml 
2026-02-28 16:56:52,803 5616 INFO brandkit_dev odoo.modules.loading: loading auth_totp_mail/data/security_notifications_template.xml 
2026-02-28 16:56:52,819 5616 INFO brandkit_dev odoo.modules.loading: loading auth_totp_mail/views/res_users_views.xml 
2026-02-28 16:56:52,879 5616 INFO brandkit_dev odoo.modules.loading: Module auth_totp_mail loaded in 0.23s, 121 queries (+121 other) 
2026-02-28 16:56:52,879 5616 INFO brandkit_dev odoo.modules.loading: Loading module base_install_request (21/34) 
2026-02-28 16:56:52,936 5616 INFO brandkit_dev odoo.modules.registry: module base_install_request: creating or updating database tables 
2026-02-28 16:56:53,045 5616 INFO brandkit_dev odoo.modules.loading: loading base_install_request/security/ir.model.access.csv 
2026-02-28 16:56:53,064 5616 INFO brandkit_dev odoo.modules.loading: loading base_install_request/wizard/base_module_install_request_views.xml 
2026-02-28 16:56:53,095 5616 INFO brandkit_dev odoo.modules.loading: loading base_install_request/data/mail_template_data.xml 
2026-02-28 16:56:53,114 5616 INFO brandkit_dev odoo.modules.loading: loading base_install_request/data/mail_templates_module_install.xml 
2026-02-28 16:56:53,131 5616 INFO brandkit_dev odoo.modules.loading: loading base_install_request/views/ir_module_module_views.xml 
2026-02-28 16:56:53,177 5616 INFO brandkit_dev odoo.addons.base.models.ir_module: ALLOW access to module.button_install on ['Project', 'Email Marketing', 'Employees', 'Knowledge', 'Sign', 'Planning', 'Appointments', 'Surveys'] to user __system__ #1 via n/a 
2026-02-28 16:56:53,402 5616 INFO brandkit_dev odoo.modules.loading: Module base_install_request loaded in 0.52s, 265 queries (+265 other) 
2026-02-28 16:56:53,402 5616 INFO brandkit_dev odoo.modules.loading: Loading module brand_kit_manager (22/34) 
2026-02-28 16:56:53,444 5616 INFO brandkit_dev odoo.modules.registry: module brand_kit_manager: creating or updating database tables 
2026-02-28 16:56:53,753 5616 INFO brandkit_dev odoo.modules.loading: loading brand_kit_manager/security/security.xml 
2026-02-28 16:56:53,769 5616 INFO brandkit_dev odoo.modules.loading: loading brand_kit_manager/security/ir.model.access.csv 
2026-02-28 16:56:53,788 5616 INFO brandkit_dev odoo.modules.loading: loading brand_kit_manager/data/brand_kit_sequence.xml 
2026-02-28 16:56:53,798 5616 INFO brandkit_dev odoo.modules.loading: loading brand_kit_manager/data/default_brand_kit.xml 
2026-02-28 16:56:53,800 5616 INFO brandkit_dev odoo.modules.loading: loading brand_kit_manager/data/mail_notification_layout_brand_kit.xml 
2026-02-28 16:56:53,815 5616 INFO brandkit_dev odoo.modules.loading: loading brand_kit_manager/views/brand_kit_views.xml 
2026-02-28 16:56:53,834 5616 WARNING brandkit_dev odoo.modules.loading: Transient module states were reset 
2026-02-28 16:56:53,834 5616 ERROR brandkit_dev odoo.modules.registry: Failed to load registry 
2026-02-28 16:56:53,834 5616 CRITICAL brandkit_dev odoo.service.server: Failed to initialize database `brandkit_dev`. 
Traceback (most recent call last):
  File "C:\Users\abhisheks\Documents\Odoo\server\odoo\tools\convert.py", line 544, in _tag_root
    f(rec)
  File "C:\Users\abhisheks\Documents\Odoo\server\odoo\tools\convert.py", line 444, in _tag_record
    record = model._load_records([data], self.mode == 'update')
  File "C:\Users\abhisheks\Documents\Odoo\server\odoo\models.py", line 5509, in _load_records
    records = self._load_records_create([data['values'] for data in to_create])
  File "C:\Users\abhisheks\Documents\Odoo\server\odoo\models.py", line 5413, in _load_records_create
    records = self.create(vals_list)
  File "<decorator-gen-52>", line 2, in create
  File "C:\Users\abhisheks\Documents\Odoo\server\odoo\api.py", line 496, in _model_create_multi
    return create(self, arg)
  File "C:\Users\abhisheks\Documents\Odoo\server\odoo\addons\base\models\ir_ui_view.py", line 518, in create
    result = super(View, self.with_context(ir_ui_view_partial_validation=True)).create(vals_list)
  File "<decorator-gen-31>", line 2, in create
  File "C:\Users\abhisheks\Documents\Odoo\server\odoo\api.py", line 496, in _model_create_multi
    return create(self, arg)
  File "C:\Users\abhisheks\Documents\Odoo\server\odoo\models.py", line 5017, in create
    records = self._create(data_list)
  File "C:\Users\abhisheks\Documents\Odoo\server\odoo\models.py", line 5184, in _create
    row.append(field.convert_to_column_insert(stored[fname], self, stored))
  File "C:\Users\abhisheks\Documents\Odoo\server\odoo\fields.py", line 986, in convert_to_column_insert
    value = self.convert_to_column(value, record, values, validate)
  File "C:\Users\abhisheks\Documents\Odoo\server\odoo\fields.py", line 2982, in convert_to_column
    value = self.convert_to_cache(value, record)
  File "C:\Users\abhisheks\Documents\Odoo\server\odoo\fields.py", line 2992, in convert_to_cache
    raise ValueError("Wrong value for %s: %r" % (self, value))
ValueError: Wrong value for ir.ui.view.type: 'tree'

The above exception was the direct cause of the following exception:

Traceback (most recent call last):
  File "C:\Users\abhisheks\Documents\Odoo\server\odoo\service\server.py", line 1361, in preload_registries
    registry = Registry.new(dbname, update_module=update_module)
  File "<decorator-gen-13>", line 2, in new
  File "C:\Users\abhisheks\Documents\Odoo\server\odoo\tools\func.py", line 97, in locked
    return func(inst, *args, **kwargs)
  File "C:\Users\abhisheks\Documents\Odoo\server\odoo\modules\registry.py", line 129, in new
    odoo.modules.load_modules(registry, force_demo, status, update_module)
  File "C:\Users\abhisheks\Documents\Odoo\server\odoo\modules\loading.py", line 484, in load_modules
    processed_modules += load_marked_modules(env, graph,
  File "C:\Users\abhisheks\Documents\Odoo\server\odoo\modules\loading.py", line 365, in load_marked_modules
    loaded, processed = load_module_graph(
  File "C:\Users\abhisheks\Documents\Odoo\server\odoo\modules\loading.py", line 228, in load_module_graph
    load_data(env, idref, mode, kind='data', package=package)
  File "C:\Users\abhisheks\Documents\Odoo\server\odoo\modules\loading.py", line 72, in load_data
    tools.convert_file(env, package.name, filename, idref, mode, noupdate, kind)
  File "C:\Users\abhisheks\Documents\Odoo\server\odoo\tools\convert.py", line 615, in convert_file
    convert_xml_import(env, module, fp, idref, mode, noupdate)
  File "C:\Users\abhisheks\Documents\Odoo\server\odoo\tools\convert.py", line 686, in convert_xml_import
    obj.parse(doc.getroot())
  File "C:\Users\abhisheks\Documents\Odoo\server\odoo\tools\convert.py", line 601, in parse
    self._tag_root(de)
  File "C:\Users\abhisheks\Documents\Odoo\server\odoo\tools\convert.py", line 557, in _tag_root
    raise ParseError('while parsing %s:%s, somewhere inside\n%s' % (
odoo.tools.convert.ParseError: while parsing file:/c:/users/abhisheks/desktop/odoo%20module%20apps/odoo-brand-kit-manager/brand_kit_manager/views/brand_kit_views.xml:2, somewhere inside
<record id="view_brand_kit_tree" model="ir.ui.view">
        <field name="name">brand.kit.tree</field>
        <field name="model">brand.kit</field>
        <field name="arch" type="xml">
            <tree string="Brand Kits">
                <field name="name"/>
                <field name="code"/>
                <field name="company_id"/>
                <field name="email_header_text"/>
                <field name="active"/>
            </tree>
        </field>
    </record>
2026-02-28 16:56:53,860 5616 INFO brandkit_dev odoo.service.server: Initiating shutdown 
2026-02-28 16:56:53,860 5616 INFO brandkit_dev odoo.service.server: Hit CTRL-C again or send a second signal to force the shutdown. 
2026-02-28 16:56:53,861 5616 INFO brandkit_dev odoo.sql_db: ConnectionPool(read/write;used=0/count=0/max=64): Closed 1 connections  
2026-02-28 16:57:40,184 24996 INFO ? odoo: Odoo version 18.0+e-20250622 
2026-02-28 16:57:40,185 24996 INFO ? odoo: Using configuration file at C:\Users\abhisheks\Desktop\Odoo Module Apps\odoo-brand-kit-manager\config\odoo.conf 
2026-02-28 16:57:40,185 24996 INFO ? odoo: addons paths: ['C:\\Users\\abhisheks\\Documents\\Odoo\\server\\odoo\\addons', 'c:\\users\\abhisheks\\desktop\\odoo module apps\\odoo-brand-kit-manager\\odoo-data\\addons\\18.0', 'c:\\users\\abhisheks\\documents\\odoo\\server\\odoo\\addons', 'c:\\users\\abhisheks\\desktop\\odoo module apps\\odoo-brand-kit-manager'] 
2026-02-28 16:57:40,185 24996 INFO ? odoo: database: odoo@localhost:5432 
2026-02-28 16:57:40,488 24996 INFO ? odoo.addons.base.models.ir_actions_report: Will use the Wkhtmltopdf binary at C:\Users\abhisheks\Documents\Odoo\thirdparty\wkhtmltopdf.exe 
2026-02-28 16:57:40,506 24996 INFO ? odoo.addons.base.models.ir_actions_report: You need Wkhtmltoimage to generate images from html. 
2026-02-28 16:57:40,797 24996 INFO brandkit_dev odoo.modules.loading: loading 1 modules... 
2026-02-28 16:57:40,800 24996 INFO brandkit_dev odoo.modules.loading: 1 modules loaded in 0.00s, 0 queries (+0 extra) 
2026-02-28 16:57:40,829 24996 INFO brandkit_dev odoo.modules.loading: updating modules list 
2026-02-28 16:57:40,829 24996 INFO brandkit_dev odoo.addons.base.models.ir_module: ALLOW access to module.update_list on [] to user __system__ #1 via n/a 
2026-02-28 16:57:44,711 24996 INFO brandkit_dev odoo.addons.base.models.ir_module: ALLOW access to module.button_install on ['Brand Kit Manager'] to user __system__ #1 via n/a 
2026-02-28 16:57:44,849 24996 INFO brandkit_dev odoo.modules.loading: loading 20 modules... 
2026-02-28 16:57:45,418 24996 INFO brandkit_dev odoo.modules.loading: 20 modules loaded in 0.57s, 0 queries (+0 extra) 
2026-02-28 16:57:45,420 24996 INFO brandkit_dev odoo.modules.loading: loading 21 modules... 
2026-02-28 16:57:45,421 24996 INFO brandkit_dev odoo.modules.loading: Loading module brand_kit_manager (21/21) 
2026-02-28 16:57:45,498 24996 INFO brandkit_dev odoo.modules.registry: module brand_kit_manager: creating or updating database tables 
2026-02-28 16:57:45,780 24996 INFO brandkit_dev odoo.modules.loading: loading brand_kit_manager/security/security.xml 
2026-02-28 16:57:45,795 24996 INFO brandkit_dev odoo.modules.loading: loading brand_kit_manager/security/ir.model.access.csv 
2026-02-28 16:57:45,815 24996 INFO brandkit_dev odoo.modules.loading: loading brand_kit_manager/data/brand_kit_sequence.xml 
2026-02-28 16:57:45,825 24996 INFO brandkit_dev odoo.modules.loading: loading brand_kit_manager/data/default_brand_kit.xml 
2026-02-28 16:57:45,827 24996 INFO brandkit_dev odoo.modules.loading: loading brand_kit_manager/data/mail_notification_layout_brand_kit.xml 
2026-02-28 16:57:45,840 24996 INFO brandkit_dev odoo.modules.loading: loading brand_kit_manager/views/brand_kit_views.xml 
2026-02-28 16:57:45,891 24996 WARNING brandkit_dev odoo.modules.loading: Transient module states were reset 
2026-02-28 16:57:45,892 24996 ERROR brandkit_dev odoo.modules.registry: Failed to load registry 
2026-02-28 16:57:45,892 24996 CRITICAL brandkit_dev odoo.service.server: Failed to initialize database `brandkit_dev`. 
Traceback (most recent call last):
  File "C:\Users\abhisheks\Documents\Odoo\server\odoo\service\server.py", line 1361, in preload_registries
    registry = Registry.new(dbname, update_module=update_module)
  File "<decorator-gen-13>", line 2, in new
  File "C:\Users\abhisheks\Documents\Odoo\server\odoo\tools\func.py", line 97, in locked
    return func(inst, *args, **kwargs)
  File "C:\Users\abhisheks\Documents\Odoo\server\odoo\modules\registry.py", line 129, in new
    odoo.modules.load_modules(registry, force_demo, status, update_module)
  File "C:\Users\abhisheks\Documents\Odoo\server\odoo\modules\loading.py", line 484, in load_modules
    processed_modules += load_marked_modules(env, graph,
  File "C:\Users\abhisheks\Documents\Odoo\server\odoo\modules\loading.py", line 365, in load_marked_modules
    loaded, processed = load_module_graph(
  File "C:\Users\abhisheks\Documents\Odoo\server\odoo\modules\loading.py", line 228, in load_module_graph
    load_data(env, idref, mode, kind='data', package=package)
  File "C:\Users\abhisheks\Documents\Odoo\server\odoo\modules\loading.py", line 72, in load_data
    tools.convert_file(env, package.name, filename, idref, mode, noupdate, kind)
  File "C:\Users\abhisheks\Documents\Odoo\server\odoo\tools\convert.py", line 615, in convert_file
    convert_xml_import(env, module, fp, idref, mode, noupdate)
  File "C:\Users\abhisheks\Documents\Odoo\server\odoo\tools\convert.py", line 686, in convert_xml_import
    obj.parse(doc.getroot())
  File "C:\Users\abhisheks\Documents\Odoo\server\odoo\tools\convert.py", line 601, in parse
    self._tag_root(de)
  File "C:\Users\abhisheks\Documents\Odoo\server\odoo\tools\convert.py", line 555, in _tag_root
    raise ParseError(msg) from None  # Restart with "--log-handler odoo.tools.convert:DEBUG" for complete traceback
odoo.tools.convert.ParseError: while parsing file:/c:/users/abhisheks/desktop/odoo%20module%20apps/odoo-brand-kit-manager/brand_kit_manager/views/brand_kit_views.xml:16
Error while validating view near:

                        </page>
                        <page string="Email Templates" groups="base.group_system">
                            <label string="Choose templates to apply. Clicking Apply assigns the branded email layout without overwriting template body HTML."/>
                            <field name="template_ids" widget="many2many_checkboxes"/>
                        </page>

Label tag must contain a "for". To match label style without corresponding field or button, use 'class="o_form_label"'.

View error context:
{'file': 'c:\\users\\abhisheks\\desktop\\odoo module '
         'apps\\odoo-brand-kit-manager\\brand_kit_manager\\views\\brand_kit_views.xml',
 'line': 40,
 'name': 'brand.kit.form',
 'view': ir.ui.view(395,),
 'view.model': 'brand.kit',
 'view.parent': ir.ui.view(),
 'xmlid': 'view_brand_kit_form'}

2026-02-28 16:57:45,896 24996 INFO brandkit_dev odoo.service.server: Initiating shutdown 
2026-02-28 16:57:45,897 24996 INFO brandkit_dev odoo.service.server: Hit CTRL-C again or send a second signal to force the shutdown. 
2026-02-28 16:57:45,897 24996 INFO brandkit_dev odoo.sql_db: ConnectionPool(read/write;used=0/count=0/max=64): Closed 1 connections  
2026-02-28 16:58:22,670 5936 INFO ? odoo: Odoo version 18.0+e-20250622 
2026-02-28 16:58:22,670 5936 INFO ? odoo: Using configuration file at C:\Users\abhisheks\Desktop\Odoo Module Apps\odoo-brand-kit-manager\config\odoo.conf 
2026-02-28 16:58:22,670 5936 INFO ? odoo: addons paths: ['C:\\Users\\abhisheks\\Documents\\Odoo\\server\\odoo\\addons', 'c:\\users\\abhisheks\\desktop\\odoo module apps\\odoo-brand-kit-manager\\odoo-data\\addons\\18.0', 'c:\\users\\abhisheks\\documents\\odoo\\server\\odoo\\addons', 'c:\\users\\abhisheks\\desktop\\odoo module apps\\odoo-brand-kit-manager'] 
2026-02-28 16:58:22,670 5936 INFO ? odoo: database: odoo@localhost:5432 
2026-02-28 16:58:23,039 5936 INFO ? odoo.addons.base.models.ir_actions_report: Will use the Wkhtmltopdf binary at C:\Users\abhisheks\Documents\Odoo\thirdparty\wkhtmltopdf.exe 
2026-02-28 16:58:23,064 5936 INFO ? odoo.addons.base.models.ir_actions_report: You need Wkhtmltoimage to generate images from html. 
2026-02-28 16:58:23,419 5936 INFO brandkit_dev odoo.modules.loading: loading 1 modules... 
2026-02-28 16:58:23,428 5936 INFO brandkit_dev odoo.modules.loading: 1 modules loaded in 0.01s, 0 queries (+0 extra) 
2026-02-28 16:58:23,461 5936 INFO brandkit_dev odoo.modules.loading: updating modules list 
2026-02-28 16:58:23,464 5936 INFO brandkit_dev odoo.addons.base.models.ir_module: ALLOW access to module.update_list on [] to user __system__ #1 via n/a 
2026-02-28 16:58:27,853 5936 INFO brandkit_dev odoo.addons.base.models.ir_module: ALLOW access to module.button_install on ['Brand Kit Manager'] to user __system__ #1 via n/a 
2026-02-28 16:58:27,998 5936 INFO brandkit_dev odoo.modules.loading: loading 20 modules... 
2026-02-28 16:58:28,595 5936 INFO brandkit_dev odoo.modules.loading: 20 modules loaded in 0.60s, 0 queries (+0 extra) 
2026-02-28 16:58:28,596 5936 INFO brandkit_dev odoo.modules.loading: loading 21 modules... 
2026-02-28 16:58:28,597 5936 INFO brandkit_dev odoo.modules.loading: Loading module brand_kit_manager (21/21) 
2026-02-28 16:58:28,670 5936 INFO brandkit_dev odoo.modules.registry: module brand_kit_manager: creating or updating database tables 
2026-02-28 16:58:28,958 5936 INFO brandkit_dev odoo.modules.loading: loading brand_kit_manager/security/security.xml 
2026-02-28 16:58:28,974 5936 INFO brandkit_dev odoo.modules.loading: loading brand_kit_manager/security/ir.model.access.csv 
2026-02-28 16:58:28,995 5936 INFO brandkit_dev odoo.modules.loading: loading brand_kit_manager/data/brand_kit_sequence.xml 
2026-02-28 16:58:29,003 5936 INFO brandkit_dev odoo.modules.loading: loading brand_kit_manager/data/default_brand_kit.xml 
2026-02-28 16:58:29,007 5936 INFO brandkit_dev odoo.modules.loading: loading brand_kit_manager/data/mail_notification_layout_brand_kit.xml 
2026-02-28 16:58:29,027 5936 INFO brandkit_dev odoo.modules.loading: loading brand_kit_manager/views/brand_kit_views.xml 
2026-02-28 16:58:29,086 5936 INFO brandkit_dev odoo.modules.loading: loading brand_kit_manager/views/brand_kit_preview_wizard_views.xml 
2026-02-28 16:58:29,111 5936 INFO brandkit_dev odoo.modules.loading: loading brand_kit_manager/views/res_config_settings_views.xml 
2026-02-28 16:58:29,179 5936 INFO brandkit_dev odoo.modules.loading: Module brand_kit_manager loaded in 0.58s, 288 queries (+288 other) 
2026-02-28 16:58:29,179 5936 INFO brandkit_dev odoo.modules.loading: 21 modules loaded in 0.58s, 288 queries (+288 extra) 
2026-02-28 16:58:29,540 5936 INFO brandkit_dev odoo.modules.loading: Model base.module.install.request is declared but cannot be loaded! (Perhaps a module was partially removed or renamed) 
2026-02-28 16:58:29,540 5936 INFO brandkit_dev odoo.modules.loading: Model base.module.install.review is declared but cannot be loaded! (Perhaps a module was partially removed or renamed) 
2026-02-28 16:58:30,156 5936 INFO brandkit_dev odoo.modules.loading: Modules loaded. 
2026-02-28 16:58:30,169 5936 INFO brandkit_dev odoo.modules.registry: Registry changed, signaling through the database 
2026-02-28 16:58:30,171 5936 INFO brandkit_dev odoo.modules.registry: Registry loaded in 6.840s 
2026-02-28 16:58:30,171 5936 INFO brandkit_dev odoo.service.server: Initiating shutdown 
2026-02-28 16:58:30,172 5936 INFO brandkit_dev odoo.service.server: Hit CTRL-C again or send a second signal to force the shutdown. 
2026-02-28 16:58:30,172 5936 INFO brandkit_dev odoo.sql_db: ConnectionPool(read/write;used=0/count=0/max=64): Closed 1 connections  
2026-02-28 16:58:43,807 23700 INFO ? odoo: Odoo version 18.0+e-20250622 
2026-02-28 16:58:43,807 23700 INFO ? odoo: Using configuration file at C:\Users\abhisheks\Desktop\Odoo Module Apps\odoo-brand-kit-manager\config\odoo.conf 
2026-02-28 16:58:43,807 23700 INFO ? odoo: addons paths: ['C:\\Users\\abhisheks\\Documents\\Odoo\\server\\odoo\\addons', 'c:\\users\\abhisheks\\desktop\\odoo module apps\\odoo-brand-kit-manager\\odoo-data\\addons\\18.0', 'c:\\users\\abhisheks\\documents\\odoo\\server\\odoo\\addons', 'c:\\users\\abhisheks\\desktop\\odoo module apps\\odoo-brand-kit-manager'] 
2026-02-28 16:58:43,807 23700 INFO ? odoo: database: odoo@localhost:5432 
2026-02-28 16:58:44,134 23700 INFO ? odoo.addons.base.models.ir_actions_report: Will use the Wkhtmltopdf binary at C:\Users\abhisheks\Documents\Odoo\thirdparty\wkhtmltopdf.exe 
2026-02-28 16:58:44,152 23700 INFO ? odoo.addons.base.models.ir_actions_report: You need Wkhtmltoimage to generate images from html. 
2026-02-28 16:58:44,376 23700 INFO ? odoo.service.server: HTTP service (werkzeug) running on LP-0055.Dtech.lk:8069 
2026-02-28 16:58:44,472 23700 INFO brandkit_dev odoo.modules.loading: loading 1 modules... 
2026-02-28 16:58:44,481 23700 INFO brandkit_dev odoo.modules.loading: 1 modules loaded in 0.01s, 0 queries (+0 extra) 
2026-02-28 16:58:44,503 23700 INFO brandkit_dev odoo.modules.loading: loading 21 modules... 
2026-02-28 16:58:45,080 23700 INFO brandkit_dev odoo.modules.loading: 21 modules loaded in 0.58s, 0 queries (+0 extra) 
2026-02-28 16:58:45,167 23700 INFO brandkit_dev odoo.modules.loading: Modules loaded. 
2026-02-28 16:58:45,170 23700 INFO brandkit_dev odoo.modules.registry: Registry loaded in 0.794s 
2026-02-28 16:59:45,530 23700 INFO brandkit_dev odoo.addons.base.models.ir_cron: Job 'Base: Auto-vacuum internal data' (1) starting 
2026-02-28 16:59:45,631 23700 INFO brandkit_dev odoo.addons.base.models.ir_attachment: filestore gc 62 checked, 0 removed 
2026-02-28 16:59:45,751 23700 INFO brandkit_dev odoo.addons.base.models.res_users: GC'd 0 user log entries 
2026-02-28 16:59:45,768 23700 INFO brandkit_dev odoo.addons.base.models.res_users: GC 'res.users.apikeys' delete 0 entries 
2026-02-28 16:59:45,778 23700 INFO brandkit_dev odoo.addons.base.models.res_device: GC device logs delete 0 entries 
2026-02-28 16:59:45,780 23700 INFO brandkit_dev odoo.addons.base.models.res_device: GC device logs delete 0 entries 
2026-02-28 16:59:45,814 23700 INFO brandkit_dev odoo.addons.base.models.res_users: GC 'auth_totp.device' delete 0 entries 
2026-02-28 16:59:45,978 23700 INFO brandkit_dev odoo.addons.base.models.ir_cron: Job 'Base: Auto-vacuum internal data' (1) done in 0.447s 
2026-02-28 16:59:45,993 23700 INFO brandkit_dev odoo.addons.base.models.ir_cron: Job 'Base: Auto-vacuum internal data' (1) processed 0 records, 0 records remaining 
2026-02-28 16:59:46,014 23700 INFO brandkit_dev odoo.addons.base.models.ir_cron: Job 'Base: Auto-vacuum internal data' (1) completed 
2026-02-28 16:59:46,033 23700 INFO brandkit_dev odoo.addons.base.models.ir_cron: Job 'Notification: Delete Notifications older than 6 Month' (5) starting 
2026-02-28 16:59:46,043 23700 INFO brandkit_dev odoo.addons.base.models.ir_cron: Job 'Notification: Delete Notifications older than 6 Month' (5) done in 0.010s 
2026-02-28 16:59:46,047 23700 INFO brandkit_dev odoo.addons.base.models.ir_cron: Job 'Notification: Delete Notifications older than 6 Month' (5) processed 0 records, 0 records remaining 
2026-02-28 16:59:46,053 23700 INFO brandkit_dev odoo.addons.base.models.ir_cron: Job 'Notification: Delete Notifications older than 6 Month' (5) completed 
2026-02-28 16:59:46,064 23700 INFO brandkit_dev odoo.addons.base.models.ir_cron: Job 'Mail: Post scheduled messages' (7) starting 
2026-02-28 16:59:46,070 23700 INFO brandkit_dev odoo.addons.mail.models.mail_scheduled_message: Posting 0 scheduled messages 
2026-02-28 16:59:46,071 23700 INFO brandkit_dev odoo.addons.base.models.ir_cron: Job 'Mail: Post scheduled messages' (7) done in 0.007s 
2026-02-28 16:59:46,075 23700 INFO brandkit_dev odoo.addons.base.models.ir_cron: Job 'Mail: Post scheduled messages' (7) processed 0 records, 0 records remaining 
2026-02-28 16:59:46,080 23700 INFO brandkit_dev odoo.addons.base.models.ir_cron: Job 'Mail: Post scheduled messages' (7) completed 
2026-02-28 16:59:46,091 23700 INFO brandkit_dev odoo.addons.base.models.ir_cron: Job 'Notification: Notify scheduled messages' (8) starting 
2026-02-28 16:59:46,099 23700 INFO brandkit_dev odoo.addons.base.models.ir_cron: Job 'Notification: Notify scheduled messages' (8) done in 0.008s 
2026-02-28 16:59:46,106 23700 INFO brandkit_dev odoo.addons.base.models.ir_cron: Job 'Notification: Notify scheduled messages' (8) processed 0 records, 0 records remaining 
2026-02-28 16:59:46,112 23700 INFO brandkit_dev odoo.addons.base.models.ir_cron: Job 'Notification: Notify scheduled messages' (8) completed 
2026-02-28 16:59:46,124 23700 INFO brandkit_dev odoo.addons.base.models.ir_cron: Job 'Mail: send web push notification' (9) starting 
2026-02-28 16:59:46,133 23700 INFO brandkit_dev odoo.addons.base.models.ir_cron: Job 'Mail: send web push notification' (9) done in 0.009s 
2026-02-28 16:59:46,138 23700 INFO brandkit_dev odoo.addons.base.models.ir_cron: Job 'Mail: send web push notification' (9) processed 0 records, 0 records remaining 
2026-02-28 16:59:46,145 23700 INFO brandkit_dev odoo.addons.base.models.ir_cron: Job 'Mail: send web push notification' (9) completed 
2026-02-28 16:59:46,155 23700 INFO brandkit_dev odoo.addons.base.models.ir_cron: Job 'Discuss: channel member unmute' (10) starting 
2026-02-28 16:59:46,160 23700 INFO brandkit_dev odoo.addons.base.models.ir_cron: Job 'Discuss: channel member unmute' (10) done in 0.005s 
2026-02-28 16:59:46,165 23700 INFO brandkit_dev odoo.addons.base.models.ir_cron: Job 'Discuss: channel member unmute' (10) processed 0 records, 0 records remaining 
2026-02-28 16:59:46,167 23700 INFO brandkit_dev odoo.addons.base.models.ir_cron: Job 'Discuss: channel member unmute' (10) completed 
2026-02-28 16:59:46,176 23700 INFO brandkit_dev odoo.addons.base.models.ir_cron: Job 'Discuss: users settings unmute' (11) starting 
2026-02-28 16:59:46,181 23700 INFO brandkit_dev odoo.addons.base.models.ir_cron: Job 'Discuss: users settings unmute' (11) done in 0.005s 
2026-02-28 16:59:46,183 23700 INFO brandkit_dev odoo.addons.base.models.ir_cron: Job 'Discuss: users settings unmute' (11) processed 0 records, 0 records remaining 
2026-02-28 16:59:46,186 23700 INFO brandkit_dev odoo.addons.base.models.ir_cron: Job 'Discuss: users settings unmute' (11) completed 
2026-02-28 16:59:46,193 23700 INFO brandkit_dev odoo.addons.base.models.ir_cron: Job 'Mail: Email Queue Manager' (3) starting 
2026-02-28 16:59:46,200 23700 INFO brandkit_dev odoo.addons.base.models.ir_cron: Job 'Mail: Email Queue Manager' (3) done in 0.007s 
2026-02-28 16:59:46,204 23700 INFO brandkit_dev odoo.addons.base.models.ir_cron: Job 'Mail: Email Queue Manager' (3) processed 0 records, 0 records remaining 
2026-02-28 16:59:46,208 23700 INFO brandkit_dev odoo.addons.base.models.ir_cron: Job 'Mail: Email Queue Manager' (3) completed 
2026-02-28 16:59:46,216 23700 INFO brandkit_dev odoo.addons.base.models.ir_cron: Job 'Users: Notify About Unregistered Users' (12) starting 
2026-02-28 16:59:46,227 23700 INFO brandkit_dev odoo.addons.base.models.ir_cron: Job 'Users: Notify About Unregistered Users' (12) done in 0.011s 
2026-02-28 16:59:46,231 23700 INFO brandkit_dev odoo.addons.base.models.ir_cron: Job 'Users: Notify About Unregistered Users' (12) processed 0 records, 0 records remaining 
2026-02-28 16:59:46,235 23700 INFO brandkit_dev odoo.addons.base.models.ir_cron: Job 'Users: Notify About Unregistered Users' (12) completed 
2026-02-28 16:59:46,244 23700 INFO brandkit_dev odoo.addons.base.models.ir_cron: Job 'Base: Portal Users Deletion' (2) starting 
2026-02-28 16:59:46,244 23700 INFO brandkit_dev odoo.addons.base.models.ir_cron: Job 'Base: Portal Users Deletion' (2) done in 0.000s 
2026-02-28 16:59:46,244 23700 INFO brandkit_dev odoo.addons.base.models.ir_cron: Job 'Base: Portal Users Deletion' (2) processed 0 records, 0 records remaining 
2026-02-28 16:59:46,261 23700 INFO brandkit_dev odoo.addons.base.models.ir_cron: Job 'Base: Portal Users Deletion' (2) completed 
